c:\users\pratham\downloads\dent_v0_1\dent_v0_1\build\dent_core.dir\release\interactive_builder.obj
c:\users\pratham\downloads\dent_v0_1\dent_v0_1\build\dent_core.dir\release\model_parser.obj
c:\users\pratham\downloads\dent_v0_1\dent_v0_1\build\dent_core.dir\release\warm_start.obj
c:\users\pratham\downloads\dent_v0_1\dent_v0_1\build\dent_core.dir\release\solver_session.obj
c:\users\pratham\downloads\dent_v0_1\dent_v0_1\build\dent_core.dir\release\qp.obj
c:\users\pratham\downloads\dent_v0_1\dent_v0_1\build\dent_core.dir\release\milp.obj
c:\users\pratham\downloads\dent_v0_1\dent_v0_1\build\dent_core.dir\release\interior_point.obj
c:\users\pratham\downloads\dent_v0_1\dent_v0_1\build\dent_core.dir\release\dual_simplex.obj
c:\users\pratham\downloads\dent_v0_1\dent_v0_1\build\dent_core.dir\release\simplex.obj
c:\users\pratham\downloads\dent_v0_1\dent_v0_1\build\dent_core.dir\release\dispatcher.obj
c:\users\pratham\downloads\dent_v0_1\dent_v0_1\build\dent_core.dir\release\fingerprint.obj
c:\users\pratham\downloads\dent_v0_1\dent_v0_1\build\dent_core.dir\release\scaling.obj
c:\users\pratham\downloads\dent_v0_1\dent_v0_1\build\dent_core.dir\release\presolve.obj
c:\users\pratham\downloads\dent_v0_1\dent_v0_1\build\dent_core.dir\release\sparse_matrix.obj
c:\users\pratham\downloads\dent_v0_1\dent_v0_1\build\dent_core.dir\release\problem.obj
c:\users\pratham\downloads\dent_v0_1\dent_v0_1\build\cmakefiles\generate.stamp
c:\users\pratham\downloads\dent_v0_1\dent_v0_1\build\release\dent_core.lib
c:\users\pratham\downloads\dent_v0_1\dent_v0_1\build\dent_core.dir\release\dent_core.tlog\cl.command.1.tlog
c:\users\pratham\downloads\dent_v0_1\dent_v0_1\build\dent_core.dir\release\dent_core.tlog\cl.items.tlog
c:\users\pratham\downloads\dent_v0_1\dent_v0_1\build\dent_core.dir\release\dent_core.tlog\cl.read.1.tlog
c:\users\pratham\downloads\dent_v0_1\dent_v0_1\build\dent_core.dir\release\dent_core.tlog\cl.write.1.tlog
c:\users\pratham\downloads\dent_v0_1\dent_v0_1\build\dent_core.dir\release\dent_core.tlog\custombuild.command.1.tlog
c:\users\pratham\downloads\dent_v0_1\dent_v0_1\build\dent_core.dir\release\dent_core.tlog\custombuild.read.1.tlog
c:\users\pratham\downloads\dent_v0_1\dent_v0_1\build\dent_core.dir\release\dent_core.tlog\custombuild.write.1.tlog
c:\users\pratham\downloads\dent_v0_1\dent_v0_1\build\dent_core.dir\release\dent_core.tlog\lib-link.read.1.tlog
c:\users\pratham\downloads\dent_v0_1\dent_v0_1\build\dent_core.dir\release\dent_core.tlog\lib-link.write.1.tlog
c:\users\pratham\downloads\dent_v0_1\dent_v0_1\build\dent_core.dir\release\dent_core.tlog\lib.command.1.tlog
